[d]   drwxrwxrwx   2007-02-05 18:30:00   2007-02-05 18:30:00   2007-02-05 18:30:00         4096   [      pdt2]   [          ]   [         data]   []
[f]   -rwxrwxrwx   2007-02-05 18:29:50   2007-02-05 18:29:50   2007-02-05 18:29:50        25554   [      pdt2]   [          ]   [     disk.sys]   []
------------------------------------------------------------------------------------
[l]   lrwxrwxrwx   2002-08-12 00:00:00   2002-08-12 00:00:00   2002-08-12 00:00:00           10   [      root]   [      root]   [          adm]   [../var/adm]
[d]   drws--s---   2007-06-04 14:11:00   2007-06-04 14:11:00   2007-06-04 14:11:00         4096   [      lion]   [     users]   [           ./]   []
[f]   -rw-r--r--   2000-03-28 00:00:00   2000-03-28 00:00:00   2000-03-28 00:00:00        13281   [  informix]   [  informix]   [          000]   []
[d]   drwxrwxrwx   1999-02-11 00:00:00   1999-02-11 00:00:00   1999-02-11 00:00:00          512   [  informix]   [  informix]   [            1]   []
[f]   -rw-r--r--   1999-06-30 00:00:00   1999-06-30 00:00:00   1999-06-30 00:00:00           59   [  informix]   [  informix]   [       11.sql]   []
[d]   drwxr-xr-x   1997-11-29 00:00:00   1997-11-29 00:00:00   1997-11-29 00:00:00          512   [  informix]   [  informix]   [       aaodir]   []
[f]   -rw-rw-r--   2007-11-18 14:02:00   2007-11-18 14:02:00   2007-11-18 14:02:00       179076   [      root]   [  informix]   [  console.log]   []
[f]   -rw-r--r--   2007-11-18 14:02:00   2007-11-18 14:02:00   2007-11-18 14:02:00          196   [  informix]   [  informix]   [   emfile.msg]   []
[f]   -rw-r-----   2007-11-18 14:02:00   2007-11-18 14:02:00   2007-11-18 14:02:00       384446   [  informix]   [  informix]   [    emlog.log]   []
[d]   drwxrwxr-x   2007-11-26 05:04:00   2007-11-26 05:04:00   2007-11-26 05:04:00         1024   [  informix]   [  informix]   [          etc]   []
[d]   drwxrwxr-x   2002-03-05 00:00:00   2002-03-05 00:00:00   2002-03-05 00:00:00         4096   [      root]   [       503]   [          403]   []
[d]   drwxrwxr-x   2002-06-11 00:00:00   2002-06-11 00:00:00   2002-06-11 00:00:00         4096   [      root]   [       503]   [  game.blg.ru]   []
[d]   drwxr-xr-x   2001-10-29 00:00:00   2001-10-29 00:00:00   2001-10-29 00:00:00         4096   [       504]   [       506]   [      cgi-bin]   []
[l]   lrwxrwxrwx   2001-09-04 00:00:00   2001-09-04 00:00:00   2001-09-04 00:00:00           19   [      root]   [      root]   [      vmlinuz]   [boot/vmlinuz-2.0.27]
[l]   lrwxrwxrwx   2002-08-12 00:00:00   2002-08-12 00:00:00   2002-08-12 00:00:00            5   [      root]   [      root]   [         5bin]   [./bin]
[l]   lrwxrwxrwx   2002-08-12 00:00:00   2002-08-12 00:00:00   2002-08-12 00:00:00            9   [      root]   [      root]   [            X]   [./openwin]
[l]   lrwxrwxrwx   2002-08-12 00:00:00   2002-08-12 00:00:00   2002-08-12 00:00:00           10   [      root]   [      root]   [          adm]   [../var/adm]
[d]   drwx------   2002-08-12 00:00:00   2002-08-12 00:00:00   2002-08-12 00:00:00          512   [      root]   [       bin]   [         aset]   []
[d]   drwxrwsr-x   2007-03-18 10:15:00   2007-03-18 10:15:00   2007-03-18 10:15:00         1024   [      root]   [       cvs]   [      cvsroot]   []
[c]   crw-rw-rw-   2007-06-17 17:46:00   2007-06-17 17:46:00   2007-06-17 17:46:00            0   [      root]   [      root]   [         con1]   []
[d]   drwxrwxrwt   1969-12-31 00:00:00   1969-12-31 00:00:00   1969-12-31 00:00:00            0   [      root]   [      root]   [        shmem]   []
------------------------------------------------------------------------------------
[d]   drwxrw-rw-   2007-11-15 14:01:00   2007-11-15 14:01:00   2007-11-15 14:01:00            0   [      root]   [      root]   [            .]   []
[d]   dr-x-w----   2007-12-01 02:16:00   2007-12-01 02:16:00   2007-12-01 02:16:00          512   [      root]   [      root]   [        Films]   []
[f]   -rwxrw-rw-   2007-11-15 14:03:00   2007-11-15 14:03:00   2007-11-15 14:03:00          377   [      root]   [      root]   [To Music uploaders.txt]   []
------------------------------------------------------------------------------------
[d]   drwxrwxrwt   1999-12-31 00:00:00   1999-12-31 00:00:00   1999-12-31 00:00:00            0   [      root]   [      root]   [Дай мне быть с тобою рядом (Фристайл).mp3]   []
------------------------------------------------------------------------------------
[d]                1995-06-29 15:05:00   1995-06-29 15:05:00   1995-06-29 15:05:00            0   [          ]   [          ]   [      muntemp]   []
[f]                1995-05-02 10:03:00   1995-05-02 10:03:00   1995-05-02 10:03:00       961590   [          ]   [          ]   [  naxp11e.zip]   []
[f]                2001-04-26 17:28:00   2001-04-26 17:28:00   2001-04-26 17:28:00      1551309   [          ]   [          ]   [katalog_akta.pdf]   []
------------------------------------------------------------------------------------
[f]                2007-04-11 00:20:00   2007-04-11 00:20:00   2007-04-11 00:20:00          253   [   lipinl1]   [          ]   [ jednicka.asm]   []
[f]                1998-02-05 00:00:00   1998-02-05 00:00:00   1998-02-05 00:00:00         1028   [       mia]   [          ]   [  tbackup.msg]   []
[f]                2002-06-19 00:00:00   2002-06-19 00:00:00   2002-06-19 00:00:00          233   [       mia]   [          ]   [ Обща.lnk]   []
[d]                2007-04-11 10:25:00   2007-04-11 10:25:00   2007-04-11 10:25:00          512   [          ]   [          ]   [      volgogr]   []
[d]                2007-04-14 10:40:00   2007-04-14 10:40:00   2007-04-14 10:40:00          512   [  chernysh]   [          ]   [           cb]   []
[f]                2001-04-26 00:00:00   2001-04-26 00:00:00   2001-04-26 00:00:00       113152   [      SERG]   [          ]   [2000 год отч  5-з за 2000 год.xls]   []
[f]                2001-01-04 00:00:00   2001-01-04 00:00:00   2001-01-04 00:00:00            0   [      SERG]   [          ]   [  INSTALL.EXE]   []
[f]                2007-01-29 16:03:00   2007-01-29 16:03:00   2007-01-29 16:03:00      1142784   [       COM]   [          ]   [Дай мне быть с тобою рядом (Фристайл).mp3]   []
------------------------------------------------------------------------------------
[f]                2000-04-07 11:23:00   2000-04-07 11:23:00   2000-04-07 11:23:00         3259   [          ]   [          ]   [ 24250C2E.PKT]   []
[d]                1999-07-22 16:41:00   1999-07-22 16:41:00   1999-07-22 16:41:00          512   [          ]   [          ]   [          1]   []
[d]                1998-11-16 17:24:00   1998-11-16 17:24:00   1998-11-16 17:24:00         1024   [          ]   [          ]   [            h]   []
[f]                2000-04-02 08:55:00   2000-04-02 08:55:00   2000-04-02 08:55:00       293483   [          ]   [          ]   [   Mablag.rar]   []
[f]                2000-04-07 15:14:00   2000-04-07 15:14:00   2000-04-07 15:14:00            2   [          ]   [          ]   [      no-attr]   []
[f]                2000-04-07 15:10:00   2000-04-07 15:10:00   2000-04-07 15:10:00            6   [          ]   [          ]   [     readonly]   []
[f]                2000-04-07 15:12:00   2000-04-07 15:12:00   2000-04-07 15:12:00            6   [          ]   [          ]   [     ro-a-sys]   []
[f]                2002-11-23 13:37:00   2002-11-23 13:37:00   2002-11-23 13:37:00         8807   [          ]   [          ]   [    22BAL.GOM]   []
------------------------------------------------------------------------------------
[d]                2000-11-02 13:55:57   2000-11-02 13:55:57   2000-11-02 13:55:57         1536   [    SYSTEM]   [          ]   [         ALEJ]   []
[d]                2000-11-02 13:56:30   2000-11-02 13:56:30   2000-11-02 13:56:30         1536   [    SYSTEM]   [          ]   [       DIALUP]   []
[d]                2000-11-02 13:56:35   2000-11-02 13:56:35   2000-11-02 13:56:35        18432   [       375]   [         5]   [        HUMOR]   []
[f]                2000-11-02 13:56:35   2000-11-02 13:56:35   2000-11-02 13:56:35         1536   [    SYSTEM]   [          ]   [FOR_PLILP.TXT]   []
[f]                1994-11-10 07:04:33   1994-11-10 07:04:33   1994-11-10 07:04:33         3072   [       375]   [         5]   [0-README-FIRST.TXT]   []
[f]                1994-11-10 07:04:35   1994-11-10 07:04:35   1994-11-10 07:04:35        18432   [       375]   [         5]   [10-C-COMMANDMENTS.TXT]   []
[f]                1994-11-10 07:04:42   1994-11-10 07:04:42   1994-11-10 07:04:42         4608   [       375]   [         5]   [12-DAYS-OF-XMAS.TXT]   []
[f]                1994-11-10 07:05:44   1994-11-10 07:05:44   1994-11-10 07:05:44        27648   [       375]   [         5]   [ACADEMIC_PROGRAMMERS_SPOTTERS_GUIDE.TXT]   []
------------------------------------------------------------------------------------
[d]   drwxr--r--   2007-03-15 03:29:00   2007-03-15 03:29:00   2007-03-15 03:29:00         4096   [      root]   [          ]   [            .]   []
[f]   -rw-r--r--   2007-12-03 18:24:00   2007-12-03 18:24:00   2007-12-03 18:24:00         6000   [      root]   [          ]   [    all_lib.h]   []
------------------------------------------------------------------------------------
[f]                1994-08-19 12:00:00   1994-08-19 12:00:00   1994-08-19 12:00:00        40774   [          ]   [          ]   [       IO.SYS]   []
[d]                2003-05-05 14:20:44   2003-05-05 14:20:44   2003-05-05 14:20:44          512   [          ]   [          ]   [         BOOT]   []
[d]                2003-05-05 14:20:58   2003-05-05 14:20:58   2003-05-05 14:20:58          512   [          ]   [          ]   [       SHELLS]   []
[f]                1980-01-01 00:00:00   1980-01-01 00:00:00   1980-01-01 00:00:00       968596   [          ]   [          ]   [      VXWORKS]   []
------------------------------------------------------------------------------------
[f]                1900-01-01 00:00:00   1900-01-01 00:00:00   1900-01-01 00:00:00            0   [          ]   [          ]   [  SECTORS.BAK]   []
[d]                1900-01-01 00:00:00   1900-01-01 00:00:00   1900-01-01 00:00:00       209920   [          ]   [          ]   [       GSMBIL]   []
[d]                1900-01-01 00:00:00   1900-01-01 00:00:00   1900-01-01 00:00:00       209920   [          ]   [          ]   [       VIDAST]   []
[f]                2002-11-18 22:13:45   2002-11-26 20:18:04   2002-11-18 22:13:45         7168   [          ]   [          ]   [ TTTCOF00.IMG]   []
[f]                2002-11-26 20:18:04   2002-11-07 02:40:31   2002-11-26 20:18:04         9216   [          ]   [          ]   [ TTSCOF00.VDS]   []
[f]                2003-04-16 15:54:21   1900-01-01 00:00:00   2003-04-16 15:54:21          512   [          ]   [          ]   [     TTSCOF02]   []
------------------------------------------------------------------------------------
